=== GUPRPRPR 0.05 s: OK accepted=45 rejected=17 in 858.0 ms
  newtonStepEvaluationsFresh=595
  luSolveNanos=1780515
  newtonBacktracks=716
  jacobianBuilds=139
  luSolves=2019
  activeSetPasses=197
  stateCalls=15159
  reconstructCalls=309
  luChecks=451
  companionFilters=37
  jacobianNonzeros=14426
  luSupersededFactorizations=1
  transportFactorizations=309
  residualEvaluations=2298
  workspaceBuilds=76
  newtonIterationsPreconditioned=1300
  transportFactorNanos=818598
  transportOrderings=2
  implicitSolves=191
  transportOrderingNanos=1501
  workspaceReuses=121
  endpointRateBuilds=2
  newtonIterationsFresh=139
  newtonRefreshesAged=75
  transportSolveNanos=504179
  endpointRateReuses=83
  newtonStepEvaluationsStale=1506
  verificationResiduals=189
  transportSolves=6489
  luOrderingNanos=4002
  stepAttemptsAccepted=41
  temperatureTermsCalls=9154
  newtonRefreshesFailed=1
  companionFilterResiduals=54
  newtonSolves=197
  luStorages=4
  stepAttempts=56
  jacobianBlockColumns=3254
  luOrderings=3
  flashCalls=1931
  companionSolves=20
  jacobianBlockBuilds=139
  luFactorizations=139
  companionDefectsBelowTolerance=3
  luFactorNanos=1444204
  reconstructNanos=11133212
  newtonIterations=1385
  newtonMeritProbes=580
  newtonSolvesPreconditioned=190
  jacobianColors=2424
  newtonRefreshesStalled=77
  stateCallsInJacobian=2562
  newtonIterationsStale=1246

=== GUPRPRPR 0.50 s: OK accepted=153 rejected=65 in 1811.7 ms
  newtonStepEvaluationsFresh=727
  luSolveNanos=1950710
  newtonBacktracks=1013
  jacobianBuilds=268
  luSolves=4877
  activeSetPasses=569
  stateCalls=37552
  reconstructCalls=983
  luChecks=1254
  companionFilters=168
  jacobianNonzeros=30131
  luSupersededFactorizations=9
  transportFactorizations=983
  residualEvaluations=5374
  workspaceBuilds=235
  newtonIterationsPreconditioned=3640
  transportFactorNanos=978076
  transportOrderings=4
  implicitSolves=559
  transportOrderingNanos=6300
  workspaceReuses=334
  endpointRateBuilds=2
  newtonIterationsFresh=268
  newtonRefreshesAged=201
  transportSolveNanos=721877
  endpointRateReuses=258
  newtonStepEvaluationsStale=4078
  verificationResiduals=557
  transportSolves=20643
  luOrderingNanos=6402
  stepAttemptsAccepted=144
  temperatureTermsCalls=23262
  newtonRefreshesFailed=1
  companionFilterResiduals=197
  newtonSolves=569
  luStorages=5
  stepAttempts=205
  jacobianBlockColumns=6408
  luOrderings=4
  flashCalls=5282
  companionSolves=38
  jacobianBlockBuilds=268
  luFactorizations=268
  companionDefectsBelowTolerance=9
  luFactorNanos=2084607
  reconstructNanos=31934101
  newtonIterations=3792
  newtonMeritProbes=888
  newtonSolvesPreconditioned=553
  jacobianColors=4804
  newtonRefreshesStalled=115
  stateCallsInJacobian=5071
  newtonIterationsStale=3524

=== GUPRPRPR 5.00 s: OK accepted=238 rejected=78 in 2072.1 ms
  newtonStepEvaluationsFresh=913
  luSolveNanos=2440336
  newtonBacktracks=1143
  jacobianBuilds=352
  luSolves=6574
  activeSetPasses=799
  stateCalls=50940
  reconstructCalls=1403
  luChecks=1760
  companionFilters=258
  jacobianNonzeros=41557
  luSupersededFactorizations=13
  transportFactorizations=1403
  residualEvaluations=7199
  workspaceBuilds=339
  companionFiltersRefused=3
  newtonIterationsPreconditioned=5061
  transportFactorNanos=1130704
  transportOrderings=4
  implicitSolves=783
  transportOrderingNanos=7799
  workspaceReuses=460
  endpointRateBuilds=2
  newtonIterationsFresh=352
  newtonRefreshesAged=272
  transportSolveNanos=847736
  endpointRateReuses=368
  newtonStepEvaluationsStale=5487
  verificationResiduals=779
  transportSolves=29463
  luOrderingNanos=8900
  stepAttemptsAccepted=228
  temperatureTermsCalls=31533
  newtonRefreshesFailed=1
  companionFilterResiduals=283
  newtonSolves=799
  luStorages=6
  stepAttempts=300
  jacobianBlockColumns=8525
  luOrderings=5
  flashCalls=7134
  companionSolves=44
  jacobianBlockBuilds=352
  luFactorizations=352
  companionDefectsBelowTolerance=19
  luFactorNanos=2417297
  reconstructNanos=16205654
  newtonIterations=5257
  newtonMeritProbes=1034
  newtonSolvesPreconditioned=775
  jacobianColors=6417
  newtonRefreshesStalled=144
  stateCallsInJacobian=6768
  newtonIterationsStale=4905

=== GUPRPRPRPRPRPR 0.05 s: OK accepted=44 rejected=19 in 1692.5 ms
  newtonStepEvaluationsFresh=897
  luSolveNanos=1148792
  newtonBacktracks=857
  jacobianBuilds=176
  luSolves=1971
  activeSetPasses=199
  stateCalls=27870
  reconstructCalls=274
  luChecks=452
  companionFilters=17
  jacobianNonzeros=34493
  luSupersededFactorizations=1
  transportFactorizations=274
  residualEvaluations=2455
  workspaceBuilds=77
  newtonIterationsPreconditioned=1200
  transportFactorNanos=362597
  transportOrderings=8
  implicitSolves=190
  transportOrderingNanos=18701
  workspaceReuses=122
  endpointRateBuilds=2
  newtonIterationsFresh=176
  newtonRefreshesAged=61
  transportSolveNanos=254600
  endpointRateReuses=77
  newtonStepEvaluationsStale=1359
  verificationResiduals=184
  transportSolves=5754
  luOrderingNanos=3499
  stepAttemptsAccepted=40
  temperatureTermsCalls=18026
  newtonRefreshesFailed=1
  companionFilterResiduals=48
  newtonSolves=199
  luStorages=4
  stepAttempts=53
  jacobianBlockColumns=7270
  luOrderings=3
  flashCalls=3627
  companionSolves=36
  jacobianBlockBuilds=176
  luFactorizations=176
  companionDefectsBelowTolerance=5
  luFactorNanos=1788496
  reconstructNanos=3584811
  newtonIterations=1399
  newtonMeritProbes=524
  newtonSolvesPreconditioned=187
  jacobianColors=3065
  newtonRefreshesStalled=115
  stateCallsInJacobian=5868
  newtonIterationsStale=1223

=== GUPRPRPRPRPRPR 0.50 s: OK accepted=182 rejected=83 in 5924.5 ms
  newtonStepEvaluationsFresh=1183
  luSolveNanos=3741463
  newtonBacktracks=1299
  jacobianBuilds=402
  luSolves=6080
  activeSetPasses=787
  stateCalls=87154
  reconstructCalls=1223
  luChecks=1629
  companionFilters=132
  jacobianNonzeros=83721
  luSupersededFactorizations=17
  transportFactorizations=1223
  residualEvaluations=6955
  workspaceBuilds=288
  newtonIterationsPreconditioned=4512
  transportFactorNanos=1251929
  transportOrderings=14
  implicitSolves=770
  transportOrderingNanos=48199
  workspaceReuses=499
  endpointRateBuilds=4
  newtonIterationsFresh=402
  newtonRefreshesAged=225
  transportSolveNanos=1396804
  endpointRateReuses=331
  newtonStepEvaluationsStale=4985
  verificationResiduals=763
  transportSolves=25683
  luOrderingNanos=9599
  stepAttemptsAccepted=170
  temperatureTermsCalls=59410
  newtonRefreshesFailed=2
  companionFilterResiduals=223
  newtonSolves=787
  luStorages=7
  stepAttempts=235
  jacobianBlockColumns=16739
  luOrderings=6
  flashCalls=13752
  companionSolves=103
  jacobianBlockBuilds=402
  luFactorizations=402
  companionDefectsBelowTolerance=12
  luFactorNanos=4972382
  reconstructNanos=14557304
  newtonIterations=4869
  newtonMeritProbes=988
  newtonSolvesPreconditioned=754
  jacobianColors=7205
  newtonRefreshesStalled=193
  stateCallsInJacobian=13535
  newtonIterationsStale=4467

=== GUPRPRPRPRPRPR 5.00 s: OK accepted=328 rejected=139 in 8217.7 ms
  newtonStepEvaluationsFresh=1196
  luSolveNanos=5174328
  newtonBacktracks=1091
  jacobianBuilds=458
  luSolves=8494
  activeSetPasses=1224
  stateCalls=123066
  reconstructCalls=2041
  luChecks=2501
  companionFilters=322
  jacobianNonzeros=99199
  luSupersededFactorizations=11
  transportFactorizations=2041
  residualEvaluations=9628
  workspaceBuilds=503
  companionFiltersRefused=8
  newtonIterationsPreconditioned=7013
  transportFactorNanos=1639200
  transportOrderings=19
  implicitSolves=1193
  transportOrderingNanos=58703
  workspaceReuses=721
  endpointRateBuilds=5
  newtonIterationsFresh=458
  newtonRefreshesAged=325
  transportSolveNanos=1422203
  endpointRateReuses=533
  newtonStepEvaluationsStale=7208
  verificationResiduals=1187
  transportSolves=42861
  luOrderingNanos=10198
  stepAttemptsAccepted=315
  temperatureTermsCalls=85771
  newtonRefreshesFailed=1
  companionFilterResiduals=395
  newtonSolves=1224
  luStorages=8
  stepAttempts=440
  jacobianBlockColumns=19244
  luOrderings=7
  flashCalls=20014
  companionSolves=118
  jacobianBlockBuilds=458
  luFactorizations=458
  companionDefectsBelowTolerance=45
  luFactorNanos=5871813
  reconstructNanos=20085736
  newtonIterations=7313
  newtonMeritProbes=786
  newtonSolvesPreconditioned=1198
  jacobianColors=8366
  newtonRefreshesStalled=193
  stateCallsInJacobian=15586
  newtonIterationsStale=6855

