=== GUPRPRPR
  node[0] id=1 GENERATOR y=64.0 P=101325.000 T=298.1500 mass=996.008376 liq=0.00000 water=1.00000 vap=0.00000
  node[1] id=2 JUNCTION y=64.0 P=101325.000 T=298.1500 mass=996.008376 liq=0.00000 water=1.00000 vap=0.00000
  node[2] id=4 RESERVOIR y=64.0 P=101325.000 T=298.1500 mass=1.145353 liq=0.00000 water=0.00000 vap=1.00000
  node[3] id=6 RESERVOIR y=64.0 P=101325.000 T=298.1500 mass=1.145353 liq=0.00000 water=0.00000 vap=1.00000
  node[4] id=8 RESERVOIR y=64.0 P=101325.000 T=298.1500 mass=1.145353 liq=0.00000 water=0.00000 vap=1.00000
  pipe id=4501053670907088488 0->1 Passive[] sections=1
  pipe id=319370355060279419 1->2 Pump[targetVolumeFlow=0.01, maximumAddedPressure=500000.0, efficiency=1.0] sections=1
  pipe id=5088084889401103891 2->3 Passive[] sections=1
  pipe id=6066135674095160195 3->4 Passive[] sections=1
 interval 1 OK 2977.0 ms accepted=307 rejected=149 modes=[PASSIVE, PUMP_TARGET, PASSIVE, PASSIVE] flows=[9.960056050459702, 9.960056050459702, 0.20030302795496618, 0.01622220796307594] reasons={Negative/nonfinite inventory=2, Newton line search stalled at residual #; active-set pass=#=75, Step refinement error #=20, Newton iteration limit at residual #; active-set pass=#=1, Embedded pipe error #=48, Conservative reconstruction fails equation gate: #=3}
   tanks [P=102342.5 liq=0.0490] [P=102275.9 liq=0.0009] [P=102272.9 liq=0.0000]
 interval 2 OK 7.1 ms accepted=5 rejected=1 modes=[PASSIVE, PUMP_TARGET, PASSIVE, PASSIVE] flows=[9.960056050459702, 9.960056050459702, 0.3854867764664875, 0.010609218400204259] reasons={Embedded pipe error #=1}
   tanks [P=105034.8 liq=0.0971] [P=104867.9 liq=0.0028] [P=104864.7 liq=0.0000]
 interval 3 OK 3.0 ms accepted=2 rejected=1 modes=[PASSIVE, PUMP_TARGET, PASSIVE, PASSIVE] flows=[9.9600560504597, 9.9600560504597, 0.7077912648083962, 0.0162089295132182] reasons={Embedded pipe error #=1}
   tanks [P=107504.9 liq=0.1436] [P=107215.4 liq=0.0062] [P=107211.5 liq=0.0001]
 interval 4 OK 4.2 ms accepted=3 rejected=1 modes=[PASSIVE, PUMP_TARGET, PASSIVE, PASSIVE] flows=[9.9600560504597, 9.9600560504597, 1.0325594567737444, 0.02533248657248549] reasons={Embedded pipe error #=1}
   tanks [P=109926.0 liq=0.1885] [P=109515.0 liq=0.0113] [P=109509.6 liq=0.0002]
 interval 5 OK 3.2 ms accepted=3 rejected=0 modes=[PASSIVE, PUMP_TARGET, PASSIVE, PASSIVE] flows=[9.960056050459702, 9.960056050459702, 1.3506378729813215, 0.039151226151604664] reasons={}
   tanks [P=112382.4 liq=0.2317] [P=111847.2 liq=0.0178] [P=111839.3 liq=0.0004]
 interval 6 OK 5.6 ms accepted=3 rejected=1 modes=[PASSIVE, PUMP_TARGET, PASSIVE, PASSIVE] flows=[9.960056050459702, 9.960056050459702, 1.6707590972771302, 0.059480323072370875] reasons={Embedded pipe error #=1}
   tanks [P=114891.3 liq=0.2734] [P=114224.3 liq=0.0259] [P=114212.1 liq=0.0007]
 interval 7 OK 4.6 ms accepted=3 rejected=1 modes=[PASSIVE, PUMP_TARGET, PASSIVE, PASSIVE] flows=[9.9600560504597, 9.9600560504597, 1.9971121395876168, 0.0883324039279976] reasons={Newton iteration limit at residual #; active-set pass=#=1}
   tanks [P=117446.7 liq=0.3134] [P=116638.4 liq=0.0355] [P=116619.6 liq=0.0011]
 interval 8 OK 3.6 ms accepted=3 rejected=1 modes=[PASSIVE, PUMP_TARGET, PASSIVE, PASSIVE] flows=[9.9600560504597, 9.9600560504597, 2.328683346036612, 0.12719042933338778] reasons={Newton iteration limit at residual #; active-set pass=#=1}
   tanks [P=120040.0 liq=0.3517] [P=119082.8 liq=0.0465] [P=119054.5 liq=0.0017]
 interval 9 OK 3.3 ms accepted=2 rejected=1 modes=[PASSIVE, PUMP_TARGET, PASSIVE, PASSIVE] flows=[9.9600560504597, 9.9600560504597, 2.6608465201481057, 0.17630499436827446] reasons={Embedded pipe error #=1}
   tanks [P=122669.5 liq=0.3884] [P=121559.5 liq=0.0590] [P=121518.7 liq=0.0026]
 interval 10 OK 1.9 ms accepted=2 rejected=0 modes=[PASSIVE, PUMP_TARGET, PASSIVE, PASSIVE] flows=[9.9600560504597, 9.9600560504597, 2.9881020540275194, 0.23484736594293495] reasons={}
   tanks [P=125342.5 liq=0.4234] [P=124079.9 liq=0.0728] [P=124023.8 liq=0.0037]
 interval 11 OK 3.2 ms accepted=2 rejected=1 modes=[PASSIVE, PUMP_TARGET, PASSIVE, PASSIVE] flows=[9.9600560504597, 9.9600560504597, 3.3064763167574887, 0.30153939736047836] reasons={Embedded pipe error #=1}
   tanks [P=128072.8 liq=0.4568] [P=126659.8 liq=0.0879] [P=126586.1 liq=0.0052]
 interval 12 OK 1.1 ms accepted=1 rejected=0 modes=[PASSIVE, PUMP_TARGET, PASSIVE, PASSIVE] flows=[9.9600560504597, 9.9600560504597, 3.614134247340078, 0.37567407289697524] reasons={}
   tanks [P=130876.2 liq=0.4887] [P=129315.9 liq=0.1041] [P=129222.2 liq=0.0071]
=== GUPRPRPRPRPRPR
  node[0] id=1 GENERATOR y=64.0 P=101325.000 T=298.1500 mass=996.008376 liq=0.00000 water=1.00000 vap=0.00000
  node[1] id=2 JUNCTION y=64.0 P=101325.000 T=298.1500 mass=996.008376 liq=0.00000 water=1.00000 vap=0.00000
  node[2] id=4 RESERVOIR y=64.0 P=101325.000 T=298.1500 mass=1.145353 liq=0.00000 water=0.00000 vap=1.00000
  node[3] id=6 RESERVOIR y=64.0 P=101325.000 T=298.1500 mass=1.145353 liq=0.00000 water=0.00000 vap=1.00000
  node[4] id=8 RESERVOIR y=64.0 P=101325.000 T=298.1500 mass=1.145353 liq=0.00000 water=0.00000 vap=1.00000
  node[5] id=10 RESERVOIR y=64.0 P=101325.000 T=298.1500 mass=1.145353 liq=0.00000 water=0.00000 vap=1.00000
  node[6] id=12 RESERVOIR y=64.0 P=101325.000 T=298.1500 mass=1.145353 liq=0.00000 water=0.00000 vap=1.00000
  node[7] id=14 RESERVOIR y=64.0 P=101325.000 T=298.1500 mass=1.145353 liq=0.00000 water=0.00000 vap=1.00000
  pipe id=4501053670907088488 0->1 Passive[] sections=1
  pipe id=319370355060279419 1->2 Pump[targetVolumeFlow=0.01, maximumAddedPressure=500000.0, efficiency=1.0] sections=1
  pipe id=5088084889401103891 2->3 Passive[] sections=1
  pipe id=6066135674095160195 3->4 Passive[] sections=1
  pipe id=5088509435969366107 4->5 Passive[] sections=1
  pipe id=1085235698056479723 5->6 Passive[] sections=1
  pipe id=7425753335991216275 6->7 Passive[] sections=1
 interval 1 HELD 361.4 ms: Substep refinement exhausted: Newton iteration limit at residual 7.923408755940031E-7; active-set pass=0
 interval 1 OK 11076.2 ms accepted=412 rejected=219 modes=[PASSIVE, PUMP_TARGET, PASSIVE, PASSIVE, PASSIVE, PASSIVE, PASSIVE] flows=[9.9600560504597, 9.9600560504597, 0.23899816563116963, 0.020742014042863792, 0.003344895891444414, 0.0017900936389367097, 8.925860083603797E-4] reasons={Negative/nonfinite inventory=13, Newton iteration limit at residual #; active-set pass=#=11, Newton line search stalled at residual #; active-set pass=#=84, Step refinement error #=24, Embedded pipe error #=87}
   tanks [P=102033.8 liq=0.0489] [P=101899.7 liq=0.0011] [P=101886.5 liq=0.0000] [P=101881.2 liq=0.0000] [P=101879.2 liq=0.0000] [P=101878.6 liq=0.0000]
 interval 2 OK 123.0 ms accepted=8 rejected=2 modes=[PASSIVE, PUMP_TARGET, PASSIVE, PASSIVE, PASSIVE, PASSIVE, PASSIVE] flows=[9.9600560504597, 9.9600560504597, 0.5506154639056531, 0.02892099748988521, 0.009915729997133879, 0.003987717291446403, 0.0019777596557583625] reasons={Embedded pipe error #=2}
   tanks [P=103477.1 liq=0.0961] [P=103139.2 liq=0.0037] [P=103117.1 liq=0.0001] [P=103109.0 liq=0.0000] [P=103108.4 liq=0.0000] [P=103108.3 liq=0.0000]
 interval 3 OK 968.2 ms accepted=81 rejected=21 modes=[PASSIVE, PUMP_TARGET, PASSIVE, PASSIVE, PASSIVE, PASSIVE, PASSIVE] flows=[9.960056050459695, 9.960056050459695, 1.0171229714463954, 0.05868454761593998, 0.013396410148404819, 0.0025619946419472997, 0.0011962471361545049] reasons={Step refinement error #=7, Embedded pipe error #=14}
   tanks [P=104334.6 liq=0.1411] [P=103880.2 liq=0.0085] [P=103859.4 liq=0.0003] [P=103855.5 liq=0.0000] [P=103854.0 liq=0.0000] [P=103853.7 liq=0.0000]
 interval 4 OK 33.3 ms accepted=5 rejected=0 modes=[PASSIVE, PUMP_TARGET, PASSIVE, PASSIVE, PASSIVE, PASSIVE, PASSIVE] flows=[9.9600560504597, 9.9600560504597, 1.260503101050387, 0.07256980815860141, 0.0092727058559906, 0.0044978338384236444, 0.001994793880844785] reasons={}
   tanks [P=105739.4 liq=0.1848] [P=105135.5 liq=0.0145] [P=105104.7 liq=0.0007] [P=105100.4 liq=0.0000] [P=105098.9 liq=0.0000] [P=105098.6 liq=0.0000]
 interval 5 OK 27.6 ms accepted=4 rejected=0 modes=[PASSIVE, PUMP_TARGET, PASSIVE, PASSIVE, PASSIVE, PASSIVE, PASSIVE] flows=[9.9600560504597, 9.9600560504597, 1.625393415639601, 0.11333423774539589, 0.011469313475500925, 0.004847093676178262, 0.001904521426686321] reasons={}
   tanks [P=107120.1 liq=0.2267] [P=106342.6 liq=0.0221] [P=106294.7 liq=0.0012] [P=106289.4 liq=0.0000] [P=106287.6 liq=0.0000] [P=106287.4 liq=0.0000]
 interval 6 OK 42.2 ms accepted=5 rejected=1 modes=[PASSIVE, PUMP_TARGET, PASSIVE, PASSIVE, PASSIVE, PASSIVE, PASSIVE] flows=[9.9600560504597, 9.9600560504597, 2.0034395541223544, 0.17198497537754937, 0.015475902501039186, 0.005688407943700445, 0.0017459417922917968] reasons={Embedded pipe error #=1}
   tanks [P=108432.2 liq=0.2666] [P=107460.2 liq=0.0313] [P=107384.0 liq=0.0019] [P=107376.4 liq=0.0001] [P=107373.8 liq=0.0000] [P=107373.6 liq=0.0000]
 interval 7 OK 76.4 ms accepted=9 rejected=2 modes=[PASSIVE, PUMP_TARGET, PASSIVE, PASSIVE, PASSIVE, PASSIVE, PASSIVE] flows=[9.960056050459698, 9.960056050459698, 2.4157272885321444, 0.26349925814389813, 0.024621233162119338, 0.008292667475441325, 0.0012980410606354632] reasons={Embedded pipe error #=2}
   tanks [P=109578.1 liq=0.3045] [P=108340.2 liq=0.0421] [P=108196.8 liq=0.0031] [P=108179.6 liq=0.0002] [P=108172.5 liq=0.0000] [P=108172.4 liq=0.0000]
 interval 8 OK 531.1 ms accepted=66 rejected=17 modes=[PASSIVE, PUMP_TARGET, PASSIVE, PASSIVE, PASSIVE, PASSIVE, PASSIVE] flows=[9.960056050459698, 9.960056050459698, 2.8505207240473993, 0.3653221305599151, 0.03378762498330073, 0.009072368987064457, 0.0014735199923425614] reasons={Step refinement error #=6, Embedded pipe error #=11}
   tanks [P=110484.4 liq=0.3403] [P=109176.0 liq=0.0545] [P=109049.6 liq=0.0048] [P=109040.8 liq=0.0003] [P=109039.1 liq=0.0000] [P=109038.8 liq=0.0000]
 interval 9 OK 27.1 ms accepted=4 rejected=1 modes=[PASSIVE, PUMP_TARGET, PASSIVE, PASSIVE, PASSIVE, PASSIVE, PASSIVE] flows=[9.960056050459698, 9.960056050459698, 3.006202654707241, 0.3941423320836556, 0.031740571334368584, 0.005437036310214895, 0.002077571705499017] reasons={Embedded pipe error #=1}
   tanks [P=111818.4 liq=0.3752] [P=110401.8 liq=0.0677] [P=110247.8 liq=0.0066] [P=110237.3 liq=0.0004] [P=110235.6 liq=0.0000] [P=110235.3 liq=0.0000]
 interval 10 OK 16.0 ms accepted=2 rejected=1 modes=[PASSIVE, PUMP_TARGET, PASSIVE, PASSIVE, PASSIVE, PASSIVE, PASSIVE] flows=[9.9600560504597, 9.9600560504597, 3.308741201286736, 0.4863607939542304, 0.04081626028249931, 0.005950918429084762, 0.0021532791328723053] reasons={Embedded pipe error #=1}
   tanks [P=113207.9 liq=0.4086] [P=111635.1 liq=0.0818] [P=111443.3 liq=0.0088] [P=111429.9 liq=0.0006] [P=111428.1 liq=0.0000] [P=111427.7 liq=0.0000]
 interval 11 OK 10.5 ms accepted=2 rejected=0 modes=[PASSIVE, PUMP_TARGET, PASSIVE, PASSIVE, PASSIVE, PASSIVE, PASSIVE] flows=[9.9600560504597, 9.9600560504597, 3.6214961678905135, 0.5921657397130204, 0.05277432403031055, 0.006713240200516673, 0.0022857705638389394] reasons={}
   tanks [P=114607.8 liq=0.4405] [P=112877.4 liq=0.0970] [P=112641.8 liq=0.0115] [P=112624.7 liq=0.0008] [P=112622.6 liq=0.0000] [P=112622.2 liq=0.0000]
 interval 12 OK 16.2 ms accepted=2 rejected=1 modes=[PASSIVE, PUMP_TARGET, PASSIVE, PASSIVE, PASSIVE, PASSIVE, PASSIVE] flows=[9.9600560504597, 9.9600560504597, 3.927471806338341, 0.7096967773678873, 0.06806563028730125, 0.007773872327985633, 0.00248504594411851] reasons={Embedded pipe error #=1}
   tanks [P=116011.5 liq=0.4708] [P=114124.0 liq=0.1132] [P=113838.2 liq=0.0148] [P=113816.0 liq=0.0011] [P=113813.5 liq=0.0000] [P=113813.0 liq=0.0000]
=== RUPR
  node[0] id=1 RESERVOIR y=64.0 P=101325.000 T=298.1500 mass=1.145353 liq=0.00000 water=0.00000 vap=1.00000
  node[1] id=2 JUNCTION y=64.0 P=101325.000 T=298.1500 mass=1.145353 liq=0.00000 water=0.00000 vap=1.00000
  node[2] id=4 RESERVOIR y=64.0 P=101325.000 T=298.1500 mass=1.145353 liq=0.00000 water=0.00000 vap=1.00000
  pipe id=4501053670907088488 0->1 Passive[] sections=1
  pipe id=319370355060279419 1->2 Pump[targetVolumeFlow=0.01, maximumAddedPressure=500000.0, efficiency=1.0] sections=1
 interval 1 OK 11.4 ms accepted=7 rejected=0 modes=[PASSIVE, PUMP_TARGET] flows=[0.011171532654363646, 0.011171532654363646] reasons={}
   tanks [P=94469.8 liq=0.0000] [P=108320.6 liq=0.0000]
 interval 2 OK 1.6 ms accepted=1 rejected=0 modes=[PASSIVE, PUMP_TARGET] flows=[0.010627656578541539, 0.010627656578541539] reasons={}
   tanks [P=88077.5 liq=0.0000] [P=115124.3 liq=0.0000]
 interval 3 OK 1.3 ms accepted=1 rejected=0 modes=[PASSIVE, PUMP_TARGET] flows=[0.010109298533495915, 0.010109298533495915] reasons={}
   tanks [P=82117.7 liq=0.0000] [P=121753.8 liq=0.0000]
 interval 4 OK 1.8 ms accepted=1 rejected=0 modes=[PASSIVE, PUMP_TARGET] flows=[0.009616223325928076, 0.009616223325928076] reasons={}
   tanks [P=76561.4 liq=0.0000] [P=128226.8 liq=0.0000]
 interval 5 HELD 174.4 ms: Substep refinement exhausted: Newton iteration limit at residual 0.09571166727086529; active-set pass=0
 interval 5 HELD 165.1 ms: Substep refinement exhausted: Newton iteration limit at residual 0.0820386128943617; active-set pass=0
 interval 5 HELD 996.5 ms: Interval substep limit; no partial interval may commit: advanced=1.8579920767848583 of 5.0 s, accepted=492, rejected=532, reasons={Newton line search stalled at residual #; active-set pass=#=34, Newton iteration limit at residual #; active-set pass=#=498}, last=Newton iteration limit at residual 0.15142983998100687; active-set pass=0
  node[0] id=1 RESERVOIR y=64.0 P=76561.382 T=275.1998 mass=0.937730 liq=0.00000 water=0.00000 vap=1.00000
  node[1] id=2 JUNCTION y=64.0 P=76557.741 T=275.1998 mass=1.145353 liq=0.00000 water=0.00000 vap=1.22147
  node[2] id=4 RESERVOIR y=64.0 P=128226.784 T=319.3585 mass=1.352977 liq=0.00000 water=0.00000 vap=1.00000
  pipe id=4501053670907088488 0->1 Passive[] sections=1
  pipe id=319370355060279419 1->2 Pump[targetVolumeFlow=0.01, maximumAddedPressure=500000.0, efficiency=1.0] sections=1
=== RUPRPR
  node[0] id=1 RESERVOIR y=64.0 P=101325.000 T=298.1500 mass=1.145353 liq=0.00000 water=0.00000 vap=1.00000
  node[1] id=2 JUNCTION y=64.0 P=101325.000 T=298.1500 mass=1.145353 liq=0.00000 water=0.00000 vap=1.00000
  node[2] id=4 RESERVOIR y=64.0 P=101325.000 T=298.1500 mass=1.145353 liq=0.00000 water=0.00000 vap=1.00000
  node[3] id=6 RESERVOIR y=64.0 P=101325.000 T=298.1500 mass=1.145353 liq=0.00000 water=0.00000 vap=1.00000
  pipe id=4501053670907088488 0->1 Passive[] sections=1
  pipe id=319370355060279419 1->2 Pump[targetVolumeFlow=0.01, maximumAddedPressure=500000.0, efficiency=1.0] sections=1
  pipe id=5088084889401103891 2->3 Passive[] sections=1
 interval 1 OK 25.6 ms accepted=23 rejected=6 modes=[PASSIVE, PUMP_TARGET, PASSIVE] flows=[0.011171520558233653, 0.011171520558233653, 0.005586256473110327] reasons={Embedded pipe error #=6}
   tanks [P=94469.8 liq=0.0000] [P=104806.3 liq=0.0000] [P=104804.0 liq=0.0000]
 interval 2 OK 1.0 ms accepted=1 rejected=0 modes=[PASSIVE, PUMP_TARGET, PASSIVE] flows=[0.010627657167612586, 0.010627657167612586, 0.005327978205521178] reasons={}
   tanks [P=88077.5 liq=0.0000] [P=108155.4 liq=0.0000] [P=108153.3 liq=0.0000]
 interval 3 OK 0.8 ms accepted=1 rejected=0 modes=[PASSIVE, PUMP_TARGET, PASSIVE] flows=[0.01010929909545288, 0.01010929909545288, 0.005089223253800833] reasons={}
   tanks [P=82117.7 liq=0.0000] [P=111383.1 liq=0.0000] [P=111381.2 liq=0.0000]
 interval 4 OK 0.8 ms accepted=1 rejected=0 modes=[PASSIVE, PUMP_TARGET, PASSIVE] flows=[0.009616223860232934, 0.009616223860232934, 0.004870517360652221] reasons={}
   tanks [P=76561.4 liq=0.0000] [P=114498.6 liq=0.0000] [P=114496.9 liq=0.0000]
 interval 5 HELD 132.9 ms: Substep refinement exhausted: Newton iteration limit at residual 0.07517641320853834; active-set pass=0
 interval 5 HELD 1004.7 ms: Interval substep limit; no partial interval may commit: advanced=1.8580162940968785 of 5.0 s, accepted=491, rejected=533, reasons={Newton line search stalled at residual #; active-set pass=#=31, Newton iteration limit at residual #; active-set pass=#=502}, last=Newton iteration limit at residual 0.06790131178166996; active-set pass=0
 interval 5 HELD 933.8 ms: Interval substep limit; no partial interval may commit: advanced=1.8580162940968785 of 5.0 s, accepted=491, rejected=533, reasons={Newton line search stalled at residual #; active-set pass=#=31, Newton iteration limit at residual #; active-set pass=#=502}, last=Newton iteration limit at residual 0.06790131178149549; active-set pass=0
  node[0] id=1 RESERVOIR y=64.0 P=76561.394 T=275.1999 mass=0.937730 liq=0.00000 water=0.00000 vap=1.00000
  node[1] id=2 JUNCTION y=64.0 P=76557.753 T=275.1999 mass=1.145353 liq=0.00000 water=0.00000 vap=1.22147
  node[2] id=4 RESERVOIR y=64.0 P=114498.620 T=309.0288 mass=1.248607 liq=0.00000 water=0.00000 vap=1.00000
  node[3] id=6 RESERVOIR y=64.0 P=114496.918 T=308.7490 mass=1.249723 liq=0.00000 water=0.00000 vap=1.00000
  pipe id=4501053670907088488 0->1 Passive[] sections=1
  pipe id=319370355060279419 1->2 Pump[targetVolumeFlow=0.01, maximumAddedPressure=500000.0, efficiency=1.0] sections=1
  pipe id=5088084889401103891 2->3 Passive[] sections=1
=== RPRUPRPR
  node[0] id=1 RESERVOIR y=64.0 P=101325.000 T=298.1500 mass=1.145353 liq=0.00000 water=0.00000 vap=1.00000
  node[1] id=3 RESERVOIR y=64.0 P=101325.000 T=298.1500 mass=1.145353 liq=0.00000 water=0.00000 vap=1.00000
  node[2] id=4 JUNCTION y=64.0 P=101325.000 T=298.1500 mass=1.145353 liq=0.00000 water=0.00000 vap=1.00000
  node[3] id=6 RESERVOIR y=64.0 P=101325.000 T=298.1500 mass=1.145353 liq=0.00000 water=0.00000 vap=1.00000
  node[4] id=8 RESERVOIR y=64.0 P=101325.000 T=298.1500 mass=1.145353 liq=0.00000 water=0.00000 vap=1.00000
  pipe id=5284748521047816263 0->1 Passive[] sections=1
  pipe id=1140438233829562326 1->2 Passive[] sections=1
  pipe id=1797148878547291489 2->3 Pump[targetVolumeFlow=0.01, maximumAddedPressure=500000.0, efficiency=1.0] sections=1
  pipe id=6066135674095160195 3->4 Passive[] sections=1
 interval 1 OK 25.3 ms accepted=23 rejected=6 modes=[PASSIVE, PASSIVE, PUMP_TARGET, PASSIVE] flows=[0.005653450739540917, 0.01131098927352184, 0.01131098927352184, 0.0056547810084527275] reasons={Embedded pipe error #=6}
   tanks [P=97838.7 liq=0.0000] [P=97836.2 liq=0.0000] [P=104849.2 liq=0.0000] [P=104846.9 liq=0.0000]
 interval 2 OK 1.2 ms accepted=1 rejected=0 modes=[PASSIVE, PASSIVE, PUMP_TARGET, PASSIVE] flows=[0.0055159925127037275, 0.011031979613137417, 0.011031979613137417, 0.005522663597025299] reasons={}
   tanks [P=94471.1 liq=0.0000] [P=94468.6 liq=0.0000] [P=108321.7 liq=0.0000] [P=108319.5 liq=0.0000]
 interval 3 OK 1.1 ms accepted=1 rejected=0 modes=[PASSIVE, PASSIVE, PUMP_TARGET, PASSIVE] flows=[0.005379802389983337, 0.010759597733890893, 0.010759597733890893, 0.005396102537585566] reasons={}
   tanks [P=91219.4 liq=0.0000] [P=91217.0 liq=0.0000] [P=111746.1 liq=0.0000] [P=111744.0 liq=0.0000]
 interval 4 OK 1.1 ms accepted=1 rejected=0 modes=[PASSIVE, PASSIVE, PUMP_TARGET, PASSIVE] flows=[0.00524697484693184, 0.010493941118764796, 0.010493941118764796, 0.00527672480873303] reasons={}
   tanks [P=88079.6 liq=0.0000] [P=88077.3 liq=0.0000] [P=115124.7 liq=0.0000] [P=115122.7 liq=0.0000]
 interval 5 OK 1.1 ms accepted=1 rejected=0 modes=[PASSIVE, PASSIVE, PUMP_TARGET, PASSIVE] flows=[0.0051174268599407996, 0.010234843715129893, 0.010234843715129893, 0.005163887161907911] reasons={}
   tanks [P=85048.0 liq=0.0000] [P=85045.7 liq=0.0000] [P=118459.8 liq=0.0000] [P=118457.9 liq=0.0000]
 interval 6 OK 0.9 ms accepted=1 rejected=0 modes=[PASSIVE, PASSIVE, PUMP_TARGET, PASSIVE] flows=[0.004991077454980104, 0.009982143569777207, 0.009982143569777207, 0.005057037045084646] reasons={}
   tanks [P=82120.8 liq=0.0000] [P=82118.5 liq=0.0000] [P=121753.6 liq=0.0000] [P=121751.8 liq=0.0000]
 interval 7 OK 0.8 ms accepted=1 rejected=0 modes=[PASSIVE, PASSIVE, PUMP_TARGET, PASSIVE] flows=[0.004867847657777012, 0.009735682729263877, 0.009735682729263877, 0.0049556955790846105] reasons={}
   tanks [P=79294.3 liq=0.0000] [P=79292.1 liq=0.0000] [P=125008.3 liq=0.0000] [P=125006.6 liq=0.0000]
 interval 8 OK 0.8 ms accepted=1 rejected=0 modes=[PASSIVE, PASSIVE, PUMP_TARGET, PASSIVE] flows=[0.004747660443398983, 0.009495307139067767, 0.009495307139067767, 0.004859444245151766] reasons={}
   tanks [P=76565.1 liq=0.0000] [P=76563.0 liq=0.0000] [P=128226.0 liq=0.0000] [P=128224.4 liq=0.0000]
 interval 9 HELD 1063.5 ms: Interval substep limit; no partial interval may commit: advanced=3.7250333598872487 of 5.0 s, accepted=490, rejected=534, reasons={Newton line search stalled at residual #; active-set pass=#=36, Newton iteration limit at residual #; active-set pass=#=498}, last=Newton iteration limit at residual 0.03356213948881956; active-set pass=0
 interval 9 HELD 895.5 ms: Interval substep limit; no partial interval may commit: advanced=3.725082471338514 of 5.0 s, accepted=492, rejected=532, reasons={Newton iteration limit at residual #; active-set pass=#=498, Newton line search stalled at residual #; active-set pass=#=34}, last=Newton iteration limit at residual 0.09083830405337259; active-set pass=0
 interval 9 HELD 149.8 ms: Substep refinement exhausted: Newton iteration limit at residual 0.09083830403854434; active-set pass=0
  node[0] id=1 RESERVOIR y=64.0 P=76565.105 T=275.2066 mass=0.937752 liq=0.00000 water=0.00000 vap=1.00000
  node[1] id=3 RESERVOIR y=64.0 P=76562.954 T=275.2048 mass=0.937732 liq=0.00000 water=0.00000 vap=1.00000
  node[2] id=4 JUNCTION y=64.0 P=76559.312 T=275.2048 mass=1.145353 liq=0.00000 water=0.00000 vap=1.22147
  node[3] id=6 RESERVOIR y=64.0 P=128226.026 T=319.7885 mass=1.351144 liq=0.00000 water=0.00000 vap=1.00000
  node[4] id=8 RESERVOIR y=64.0 P=128224.415 T=318.9277 mass=1.354785 liq=0.00000 water=0.00000 vap=1.00000
  pipe id=5284748521047816263 0->1 Passive[] sections=1
  pipe id=1140438233829562326 1->2 Passive[] sections=1
  pipe id=1797148878547291489 2->3 Pump[targetVolumeFlow=0.01, maximumAddedPressure=500000.0, efficiency=1.0] sections=1
  pipe id=6066135674095160195 3->4 Passive[] sections=1
=== GUPRPRPRPV
  node[0] id=1 GENERATOR y=64.0 P=101325.000 T=298.1500 mass=996.008376 liq=0.00000 water=1.00000 vap=0.00000
  node[1] id=2 JUNCTION y=64.0 P=101325.000 T=298.1500 mass=996.008376 liq=0.00000 water=1.00000 vap=0.00000
  node[2] id=4 RESERVOIR y=64.0 P=101325.000 T=298.1500 mass=1.145353 liq=0.00000 water=0.00000 vap=1.00000
  node[3] id=6 RESERVOIR y=64.0 P=101325.000 T=298.1500 mass=1.145353 liq=0.00000 water=0.00000 vap=1.00000
  node[4] id=8 RESERVOIR y=64.0 P=101325.000 T=298.1500 mass=1.145353 liq=0.00000 water=0.00000 vap=1.00000
  node[5] id=10 VOID y=64.0 P=101325.000 T=298.1500 mass=1.145353 liq=0.00000 water=0.00000 vap=1.00000
  pipe id=4501053670907088488 0->1 Passive[] sections=1
  pipe id=319370355060279419 1->2 Pump[targetVolumeFlow=0.01, maximumAddedPressure=500000.0, efficiency=1.0] sections=1
  pipe id=5088084889401103891 2->3 Passive[] sections=1
  pipe id=6066135674095160195 3->4 Passive[] sections=1
  pipe id=5088509435969366107 4->5 Passive[] sections=1
 interval 1 OK 3221.2 ms accepted=337 rejected=153 modes=[PASSIVE, PUMP_TARGET, PASSIVE, PASSIVE, PASSIVE] flows=[9.960056050459702, 9.960056050459702, 0.25787968650563353, 0.024189178747287217, 0.006814978895149039] reasons={Negative/nonfinite inventory=2, Newton line search stalled at residual #; active-set pass=#=75, Step refinement error #=23, Newton iteration limit at residual #; active-set pass=#=1, Embedded pipe error #=49, Conservative reconstruction fails equation gate: #=3}
   tanks [P=101645.6 liq=0.0488] [P=101389.8 liq=0.0012] [P=101350.8 liq=0.0000]
 interval 2 OK 4.5 ms accepted=5 rejected=0 modes=[PASSIVE, PUMP_TARGET, PASSIVE, PASSIVE, PASSIVE] flows=[9.960056050459702, 9.960056050459702, 0.7084075812819596, 0.04983138915788686, 0.020046889970456745] reasons={}
   tanks [P=101863.8 liq=0.0953] [P=101387.5 liq=0.0045] [P=101343.6 liq=0.0002]
 interval 3 OK 3.9 ms accepted=3 rejected=1 modes=[PASSIVE, PUMP_TARGET, PASSIVE, PASSIVE, PASSIVE] flows=[9.9600560504597, 9.9600560504597, 1.1366952855530417, 0.08672382262535169, 0.020622126726094994] reasons={Embedded pipe error #=1}
   tanks [P=102098.5 liq=0.1396] [P=101409.4 liq=0.0098] [P=101344.2 liq=0.0005]
 interval 4 OK 2.4 ms accepted=3 rejected=0 modes=[PASSIVE, PUMP_TARGET, PASSIVE, PASSIVE, PASSIVE] flows=[9.9600560504597, 9.9600560504597, 1.549651792229741, 0.1433479875341534, 0.02475055521171641] reasons={}
   tanks [P=102339.1 liq=0.1819] [P=101444.0 liq=0.0168] [P=101346.5 liq=0.0011]
 interval 5 OK 2.0 ms accepted=3 rejected=0 modes=[PASSIVE, PUMP_TARGET, PASSIVE, PASSIVE, PASSIVE] flows=[9.960056050459702, 9.960056050459702, 1.9458616174365844, 0.21729829603819367, 0.03175961414691061] reasons={}
   tanks [P=102582.6 liq=0.2221] [P=101489.1 liq=0.0255] [P=101350.5 liq=0.0021]
 interval 6 OK 3.0 ms accepted=3 rejected=1 modes=[PASSIVE, PUMP_TARGET, PASSIVE, PASSIVE, PASSIVE] flows=[9.9600560504597, 9.9600560504597, 2.3252814746725337, 0.3066004501204649, 0.04218767118091897] reasons={Embedded pipe error #=1}
   tanks [P=102828.1 liq=0.2605] [P=101543.8 liq=0.0357] [P=101356.4 liq=0.0034]
 interval 7 OK 2.9 ms accepted=3 rejected=1 modes=[PASSIVE, PUMP_TARGET, PASSIVE, PASSIVE, PASSIVE] flows=[9.960056050459702, 9.960056050459702, 2.6883087152172154, 0.4096038644387538, 0.056621844396732804] reasons={Embedded pipe error #=1}
   tanks [P=103075.1 liq=0.2971] [P=101607.5 liq=0.0471] [P=101364.7 liq=0.0052]
 interval 8 OK 2.2 ms accepted=2 rejected=1 modes=[PASSIVE, PUMP_TARGET, PASSIVE, PASSIVE, PASSIVE] flows=[9.960056050459702, 9.960056050459702, 3.0355120538861984, 0.5248085981310531, 0.0755353499223568] reasons={Embedded pipe error #=1}
   tanks [P=103323.2 liq=0.3319] [P=101679.8 liq=0.0597] [P=101375.3 liq=0.0075]
 interval 9 OK 1.6 ms accepted=2 rejected=0 modes=[PASSIVE, PUMP_TARGET, PASSIVE, PASSIVE, PASSIVE] flows=[9.9600560504597, 9.9600560504597, 3.3674311062945987, 0.6508951638859791, 0.09930552026268297] reasons={}
   tanks [P=103572.2 liq=0.3650] [P=101760.1 liq=0.0734] [P=101388.7 liq=0.0102]
 interval 10 OK 2.5 ms accepted=2 rejected=1 modes=[PASSIVE, PUMP_TARGET, PASSIVE, PASSIVE, PASSIVE] flows=[9.9600560504597, 9.9600560504597, 3.684629220142258, 0.7866291759287785, 0.12821018706048984] reasons={Embedded pipe error #=1}
   tanks [P=103821.7 liq=0.3965] [P=101847.8 liq=0.0880] [P=101404.7 liq=0.0135]
 interval 11 OK 2.6 ms accepted=2 rejected=1 modes=[PASSIVE, PUMP_TARGET, PASSIVE, PASSIVE, PASSIVE] flows=[9.960056050459702, 9.960056050459702, 3.987627146655116, 0.9308909351090623, 0.1624626151204343] reasons={Embedded pipe error #=1}
   tanks [P=104071.5 liq=0.4265] [P=101942.7 liq=0.1033] [P=101423.6 liq=0.0174]
 interval 12 OK 2.5 ms accepted=2 rejected=1 modes=[PASSIVE, PUMP_TARGET, PASSIVE, PASSIVE, PASSIVE] flows=[9.9600560504597, 9.9600560504597, 4.2769740509692, 1.082617805805559, 0.20219771463487093] reasons={Embedded pipe error #=1}
   tanks [P=104321.4 liq=0.4551] [P=102044.0 liq=0.1194] [P=101445.3 liq=0.0218]
=== GUPRPRPRPRPRPRPV
  node[0] id=1 GENERATOR y=64.0 P=101325.000 T=298.1500 mass=996.008376 liq=0.00000 water=1.00000 vap=0.00000
  node[1] id=2 JUNCTION y=64.0 P=101325.000 T=298.1500 mass=996.008376 liq=0.00000 water=1.00000 vap=0.00000
  node[2] id=4 RESERVOIR y=64.0 P=101325.000 T=298.1500 mass=1.145353 liq=0.00000 water=0.00000 vap=1.00000
  node[3] id=6 RESERVOIR y=64.0 P=101325.000 T=298.1500 mass=1.145353 liq=0.00000 water=0.00000 vap=1.00000
  node[4] id=8 RESERVOIR y=64.0 P=101325.000 T=298.1500 mass=1.145353 liq=0.00000 water=0.00000 vap=1.00000
  node[5] id=10 RESERVOIR y=64.0 P=101325.000 T=298.1500 mass=1.145353 liq=0.00000 water=0.00000 vap=1.00000
  node[6] id=12 RESERVOIR y=64.0 P=101325.000 T=298.1500 mass=1.145353 liq=0.00000 water=0.00000 vap=1.00000
  node[7] id=14 RESERVOIR y=64.0 P=101325.000 T=298.1500 mass=1.145353 liq=0.00000 water=0.00000 vap=1.00000
  node[8] id=16 VOID y=64.0 P=101325.000 T=298.1500 mass=1.145353 liq=0.00000 water=0.00000 vap=1.00000
  pipe id=4501053670907088488 0->1 Passive[] sections=1
  pipe id=319370355060279419 1->2 Pump[targetVolumeFlow=0.01, maximumAddedPressure=500000.0, efficiency=1.0] sections=1
  pipe id=5088084889401103891 2->3 Passive[] sections=1
  pipe id=6066135674095160195 3->4 Passive[] sections=1
  pipe id=5088509435969366107 4->5 Passive[] sections=1
  pipe id=1085235698056479723 5->6 Passive[] sections=1
  pipe id=7425753335991216275 6->7 Passive[] sections=1
  pipe id=9167076297911355571 7->8 Passive[] sections=1
 interval 1 HELD 342.4 ms: Substep refinement exhausted: Newton iteration limit at residual 7.923408755940031E-7; active-set pass=0
 interval 1 OK 10993.9 ms accepted=451 rejected=229 modes=[PASSIVE, PUMP_TARGET, PASSIVE, PASSIVE, PASSIVE, PASSIVE, PASSIVE, PASSIVE] flows=[9.960056050459697, 9.960056050459697, 0.2672739469810775, 0.02483978417268472, 0.006778502541210568, 0.0054165635339507995, 0.005344189925067147, 0.005316217928387581] reasons={Negative/nonfinite inventory=14, Newton iteration limit at residual #; active-set pass=#=11, Newton line search stalled at residual #; active-set pass=#=84, Step refinement error #=30, Embedded pipe error #=90}
   tanks [P=101695.4 liq=0.0487] [P=101440.9 liq=0.0012] [P=101402.4 liq=0.0000] [P=101377.0 liq=0.0000] [P=101359.7 liq=0.0000] [P=101342.4 liq=0.0000]
 interval 2 OK 853.2 ms accepted=58 rejected=22 modes=[PASSIVE, PUMP_TARGET, PASSIVE, PASSIVE, PASSIVE, PASSIVE, PASSIVE, PASSIVE] flows=[9.960056050459702, 9.960056050459702, 0.7136754577506388, 0.0505876171257625, 0.020199476123071068, 0.008787810291935799, 0.008642670075381484, 0.008649556617523962] reasons={Step refinement error #=13, Embedded pipe error #=9}
   tanks [P=101870.6 liq=0.0952] [P=101413.8 liq=0.0045] [P=101376.3 liq=0.0002] [P=101361.4 liq=0.0000] [P=101348.6 liq=0.0000] [P=101336.7 liq=0.0000]
 interval 3 OK 64.5 ms accepted=10 rejected=0 modes=[PASSIVE, PUMP_TARGET, PASSIVE, PASSIVE, PASSIVE, PASSIVE, PASSIVE, PASSIVE] flows=[9.9600560504597, 9.9600560504597, 1.1301101746421982, 0.08648864423033903, 0.020462236536921048, 0.016471182239970607, 0.01464123997776561, 0.014586811300423969] reasons={}
   tanks [P=102138.7 liq=0.1396] [P=101448.0 liq=0.0098] [P=101382.1 liq=0.0005] [P=101362.8 liq=0.0000] [P=101347.6 liq=0.0000] [P=101336.3 liq=0.0000]
 interval 4 OK 20.9 ms accepted=3 rejected=0 modes=[PASSIVE, PUMP_TARGET, PASSIVE, PASSIVE, PASSIVE, PASSIVE, PASSIVE, PASSIVE] flows=[9.9600560504597, 9.9600560504597, 1.552123257204189, 0.14430963175641293, 0.024953938542965376, 0.016313263876081098, 0.011314464819296483, 0.011137262324928737] reasons={}
   tanks [P=102368.8 liq=0.1818] [P=101470.4 liq=0.0169] [P=101371.8 liq=0.0012] [P=101350.1 liq=0.0001] [P=101335.5 liq=0.0000] [P=101330.2 liq=0.0000]
 interval 5 OK 350.5 ms accepted=41 rejected=11 modes=[PASSIVE, PUMP_TARGET, PASSIVE, PASSIVE, PASSIVE, PASSIVE, PASSIVE, PASSIVE] flows=[9.960056050459702, 9.960056050459702, 1.9447148232640283, 0.216953700412264, 0.03165306183005012, 0.016190616425225093, 0.010015663267561096, 0.00949880103309397] reasons={Step refinement error #=9, Embedded pipe error #=2}
   tanks [P=102613.8 liq=0.2221] [P=101527.2 liq=0.0256] [P=101389.4 liq=0.0021] [P=101364.1 liq=0.0002] [P=101350.0 liq=0.0000] [P=101337.1 liq=0.0000]
 interval 6 OK 11.9 ms accepted=3 rejected=0 modes=[PASSIVE, PUMP_TARGET, PASSIVE, PASSIVE, PASSIVE, PASSIVE, PASSIVE, PASSIVE] flows=[9.9600560504597, 9.9600560504597, 2.322718762969286, 0.30660229907655984, 0.042225857517837695, 0.01703485005510329, 0.014812309441041501, 0.013304815159011973] reasons={}
   tanks [P=102865.6 liq=0.2605] [P=101581.5 liq=0.0357] [P=101393.9 liq=0.0034] [P=101362.4 liq=0.0003] [P=101347.9 liq=0.0000] [P=101335.2 liq=0.0000]
 interval 7 OK 15.8 ms accepted=3 rejected=1 modes=[PASSIVE, PUMP_TARGET, PASSIVE, PASSIVE, PASSIVE, PASSIVE, PASSIVE, PASSIVE] flows=[9.960056050459702, 9.960056050459702, 2.6883859295962504, 0.4100335008615252, 0.056747877016133916, 0.018492458964199064, 0.014746844719172248, 0.011865614898812915] reasons={Embedded pipe error #=1}
   tanks [P=103111.7 liq=0.2970] [P=101643.7 liq=0.0471] [P=101400.4 liq=0.0052] [P=101360.6 liq=0.0005] [P=101345.2 liq=0.0000] [P=101332.8 liq=0.0000]
 interval 8 OK 15.5 ms accepted=3 rejected=1 modes=[PASSIVE, PUMP_TARGET, PASSIVE, PASSIVE, PASSIVE, PASSIVE, PASSIVE, PASSIVE] flows=[9.960056050459702, 9.960056050459702, 3.035941553890816, 0.5252919940608638, 0.07568459615156219, 0.020700231273606113, 0.014820948640718219, 0.009749228304088] reasons={Embedded pipe error #=1}
   tanks [P=103358.2 liq=0.3318] [P=101714.3 liq=0.0598] [P=101409.4 liq=0.0075] [P=101358.9 liq=0.0008] [P=101342.1 liq=0.0001] [P=101329.7 liq=0.0000]
 interval 9 OK 31.0 ms accepted=11 rejected=10 modes=[PASSIVE, PUMP_TARGET, PASSIVE, PASSIVE, PASSIVE, PASSIVE, PASSIVE, PASSIVE] flows=[9.9600560504597, 9.9600560504597, 3.365658476744813, 0.6497981700395832, 0.09900340512955128, 0.023668418756863395, 0.014948305169765405, 0.01189485658247323] reasons={Step refinement error #=1, Embedded pipe error #=9}
   tanks [P=103610.7 liq=0.3650] [P=101801.5 liq=0.0734] [P=101431.0 liq=0.0102] [P=101367.5 liq=0.0012] [P=101349.0 liq=0.0001] [P=101336.6 liq=0.0000]
 interval 10 OK 3.4 ms accepted=2 rejected=0 modes=[PASSIVE, PUMP_TARGET, PASSIVE, PASSIVE, PASSIVE, PASSIVE, PASSIVE, PASSIVE] flows=[9.960056050459702, 9.960056050459702, 3.6824888834808163, 0.7859509991586533, 0.12806818988058383, 0.02793879729528498, 0.01544982725327752, 0.01401362575014454] reasons={}
   tanks [P=103864.4 liq=0.3965] [P=101892.1 liq=0.0880] [P=101449.6 liq=0.0135] [P=101370.1 liq=0.0017] [P=101349.2 liq=0.0002] [P=101336.5 liq=0.0000]
 interval 11 OK 3.6 ms accepted=2 rejected=1 modes=[PASSIVE, PUMP_TARGET, PASSIVE, PASSIVE, PASSIVE, PASSIVE, PASSIVE, PASSIVE] flows=[9.960056050459702, 9.960056050459702, 3.986137083345877, 0.9300795271813825, 0.162209036074225, 0.033393495056104554, 0.016122795806124152, 0.013999922302770418] reasons={Embedded pipe error #=1}
   tanks [P=104117.3 liq=0.4265] [P=101989.9 liq=0.1033] [P=101471.8 liq=0.0174] [P=101373.6 liq=0.0023] [P=101349.5 liq=0.0003] [P=101336.4 liq=0.0000]
 interval 12 OK 3.5 ms accepted=2 rejected=1 modes=[PASSIVE, PUMP_TARGET, PASSIVE, PASSIVE, PASSIVE, PASSIVE, PASSIVE, PASSIVE] flows=[9.9600560504597, 9.9600560504597, 4.275344513072309, 1.0814297756726983, 0.20175521166136753, 0.04030532426071014, 0.01707387143961663, 0.014043073498712371] reasons={Embedded pipe error #=1}
   tanks [P=104370.7 liq=0.4551] [P=102095.2 liq=0.1194] [P=101497.9 liq=0.0218] [P=101378.1 liq=0.0031] [P=101350.0 liq=0.0004] [P=101336.4 liq=0.0000]
