=== GUPRPRPR nanosPerCall=1000 budget=2000.0 ms
 #0 slice [0,+100] HELD: wall deadline work=2.00 s committed=0 tanks 101325/0.000 101325/0.000 101325/0.000
 #1 slice [0,+50] HELD: wall deadline work=2.00 s committed=0 tanks 101325/0.000 101325/0.000 101325/0.000
 #2 slice [0,+25] HELD: wall deadline work=2.00 s committed=0 tanks 101325/0.000 101325/0.000 101325/0.000
 #3 slice [0,+12] HELD: Substep refinement exhausted: Newton line search stalled at residual 0.10479353009252752; active-set pass=0 work=1.62 s committed=0 tanks 101325/0.000 101325/0.000 101325/0.000
 #4 slice [0,+12] HELD: Substep refinement exhausted: Newton line search stalled at residual 0.10479353009252752; active-set pass=0 work=1.62 s committed=0 tanks 101325/0.000 101325/0.000 101325/0.000
 #5 slice [0,+12] HELD: Substep refinement exhausted: Newton line search stalled at residual 0.10479353009252752; active-set pass=0 work=1.62 s committed=0 tanks 101325/0.000 101325/0.000 101325/0.000
 #6 slice [0,+12] HELD: Substep refinement exhausted: Newton line search stalled at residual 0.10479353009252752; active-set pass=0 work=1.62 s committed=0 tanks 101325/0.000 101325/0.000 101325/0.000
 #7 slice [0,+12] HELD: Substep refinement exhausted: Newton line search stalled at residual 0.10479353009252752; active-set pass=0 work=1.62 s committed=0 tanks 101325/0.000 101325/0.000 101325/0.000
 #8 slice [0,+12] HELD: Substep refinement exhausted: Newton line search stalled at residual 0.10479353009252752; active-set pass=0 work=1.62 s committed=0 tanks 101325/0.000 101325/0.000 101325/0.000
 #9 slice [0,+12] HELD: Substep refinement exhausted: Newton line search stalled at residual 0.10479353009252752; active-set pass=0 work=1.62 s committed=0 tanks 101325/0.000 101325/0.000 101325/0.000
 #10 slice [0,+12] HELD: Substep refinement exhausted: Newton line search stalled at residual 0.10479353009252752; active-set pass=0 work=1.62 s committed=0 tanks 101325/0.000 101325/0.000 101325/0.000
 #11 slice [0,+12] HELD: Substep refinement exhausted: Newton line search stalled at residual 0.10479353009252752; active-set pass=0 work=1.62 s committed=0 tanks 101325/0.000 101325/0.000 101325/0.000
  twelve holds in a row: stop
  total work 20.6 s (at 1000 ns per checkpoint)
=== GUPRPRPRPRPRPR nanosPerCall=1000 budget=2000.0 ms
 #0 slice [0,+100] HELD: wall deadline work=2.00 s committed=0 tanks 101325/0.000 101325/0.000 101325/0.000 101325/0.000 101325/0.000 101325/0.000
 #1 slice [0,+50] HELD: wall deadline work=2.00 s committed=0 tanks 101325/0.000 101325/0.000 101325/0.000 101325/0.000 101325/0.000 101325/0.000
 #2 slice [0,+25] HELD: wall deadline work=2.00 s committed=0 tanks 101325/0.000 101325/0.000 101325/0.000 101325/0.000 101325/0.000 101325/0.000
 #3 slice [0,+12] HELD: wall deadline work=2.00 s committed=0 tanks 101325/0.000 101325/0.000 101325/0.000 101325/0.000 101325/0.000 101325/0.000
 #4 slice [0,+6] HELD: wall deadline work=2.00 s committed=0 tanks 101325/0.000 101325/0.000 101325/0.000 101325/0.000 101325/0.000 101325/0.000
 #5 slice [0,+3] HELD: wall deadline work=2.00 s committed=0 tanks 101325/0.000 101325/0.000 101325/0.000 101325/0.000 101325/0.000 101325/0.000
 #6 slice [0,+1] FULL accepted=44 rejected=19 work=1.84 s committed=1 tanks 100446/0.000 100677/0.000 101066/0.000 101214/0.000 101264/0.000 101276/0.000
 #7 slice [1,+2] HELD: Substep refinement exhausted: Linearized error estimate does not contract inside the supported domain work=1.71 s committed=1 tanks 100446/0.000 100677/0.000 101066/0.000 101214/0.000 101264/0.000 101276/0.000
 #8 slice [1,+2] HELD: Substep refinement exhausted: Linearized error estimate does not contract inside the supported domain work=1.73 s committed=1 tanks 100446/0.000 100677/0.000 101066/0.000 101214/0.000 101264/0.000 101276/0.000
 #9 slice [1,+2] HELD: Substep refinement exhausted: Linearized error estimate does not contract inside the supported domain work=1.73 s committed=1 tanks 100446/0.000 100677/0.000 101066/0.000 101214/0.000 101264/0.000 101276/0.000
 #10 slice [1,+2] HELD: Substep refinement exhausted: Linearized error estimate does not contract inside the supported domain work=1.73 s committed=1 tanks 100446/0.000 100677/0.000 101066/0.000 101214/0.000 101264/0.000 101276/0.000
 #11 slice [1,+2] HELD: Substep refinement exhausted: Linearized error estimate does not contract inside the supported domain work=1.73 s committed=1 tanks 100446/0.000 100677/0.000 101066/0.000 101214/0.000 101264/0.000 101276/0.000
 #12 slice [1,+2] HELD: Substep refinement exhausted: Linearized error estimate does not contract inside the supported domain work=1.73 s committed=1 tanks 100446/0.000 100677/0.000 101066/0.000 101214/0.000 101264/0.000 101276/0.000
 #13 slice [1,+2] HELD: Substep refinement exhausted: Linearized error estimate does not contract inside the supported domain work=1.73 s committed=1 tanks 100446/0.000 100677/0.000 101066/0.000 101214/0.000 101264/0.000 101276/0.000
 #14 slice [1,+2] HELD: Substep refinement exhausted: Linearized error estimate does not contract inside the supported domain work=1.73 s committed=1 tanks 100446/0.000 100677/0.000 101066/0.000 101214/0.000 101264/0.000 101276/0.000
 #15 slice [1,+2] HELD: Substep refinement exhausted: Linearized error estimate does not contract inside the supported domain work=1.73 s committed=1 tanks 100446/0.000 100677/0.000 101066/0.000 101214/0.000 101264/0.000 101276/0.000
 #16 slice [1,+2] HELD: Substep refinement exhausted: Linearized error estimate does not contract inside the supported domain work=1.73 s committed=1 tanks 100446/0.000 100677/0.000 101066/0.000 101214/0.000 101264/0.000 101276/0.000
 #17 slice [1,+2] HELD: Substep refinement exhausted: Linearized error estimate does not contract inside the supported domain work=1.73 s committed=1 tanks 100446/0.000 100677/0.000 101066/0.000 101214/0.000 101264/0.000 101276/0.000
 #18 slice [1,+2] HELD: Substep refinement exhausted: Linearized error estimate does not contract inside the supported domain work=1.73 s committed=1 tanks 100446/0.000 100677/0.000 101066/0.000 101214/0.000 101264/0.000 101276/0.000
  twelve holds in a row: stop
  total work 34.6 s (at 1000 ns per checkpoint)
=== GUPRPRPRPV nanosPerCall=1000 budget=2000.0 ms
 #0 slice [0,+100] HELD: wall deadline work=2.00 s committed=0 tanks 101325/0.000 101325/0.000 101325/0.000
 #1 slice [0,+50] HELD: wall deadline work=2.00 s committed=0 tanks 101325/0.000 101325/0.000 101325/0.000
 #2 slice [0,+25] HELD: wall deadline work=2.00 s committed=0 tanks 101325/0.000 101325/0.000 101325/0.000
 #3 slice [0,+12] HELD: Substep refinement exhausted: Newton line search stalled at residual 0.10479353009252752; active-set pass=0 work=1.62 s committed=0 tanks 101325/0.000 101325/0.000 101325/0.000
 #4 slice [0,+12] HELD: Substep refinement exhausted: Newton line search stalled at residual 0.10479353009252752; active-set pass=0 work=1.62 s committed=0 tanks 101325/0.000 101325/0.000 101325/0.000
 #5 slice [0,+12] HELD: Substep refinement exhausted: Newton line search stalled at residual 0.10479353009252752; active-set pass=0 work=1.62 s committed=0 tanks 101325/0.000 101325/0.000 101325/0.000
 #6 slice [0,+12] HELD: Substep refinement exhausted: Newton line search stalled at residual 0.10479353009252752; active-set pass=0 work=1.62 s committed=0 tanks 101325/0.000 101325/0.000 101325/0.000
 #7 slice [0,+12] HELD: Substep refinement exhausted: Newton line search stalled at residual 0.10479353009252752; active-set pass=0 work=1.62 s committed=0 tanks 101325/0.000 101325/0.000 101325/0.000
 #8 slice [0,+12] HELD: Substep refinement exhausted: Newton line search stalled at residual 0.10479353009252752; active-set pass=0 work=1.62 s committed=0 tanks 101325/0.000 101325/0.000 101325/0.000
 #9 slice [0,+12] HELD: Substep refinement exhausted: Newton line search stalled at residual 0.10479353009252752; active-set pass=0 work=1.62 s committed=0 tanks 101325/0.000 101325/0.000 101325/0.000
 #10 slice [0,+12] HELD: Substep refinement exhausted: Newton line search stalled at residual 0.10479353009252752; active-set pass=0 work=1.62 s committed=0 tanks 101325/0.000 101325/0.000 101325/0.000
 #11 slice [0,+12] HELD: Substep refinement exhausted: Newton line search stalled at residual 0.10479353009252752; active-set pass=0 work=1.62 s committed=0 tanks 101325/0.000 101325/0.000 101325/0.000
  twelve holds in a row: stop
  total work 20.6 s (at 1000 ns per checkpoint)
=== GUPRPRPRPRPRPRPV nanosPerCall=1000 budget=2000.0 ms
 #0 slice [0,+100] HELD: wall deadline work=2.00 s committed=0 tanks 101325/0.000 101325/0.000 101325/0.000 101325/0.000 101325/0.000 101325/0.000
 #1 slice [0,+50] HELD: wall deadline work=2.00 s committed=0 tanks 101325/0.000 101325/0.000 101325/0.000 101325/0.000 101325/0.000 101325/0.000
 #2 slice [0,+25] HELD: wall deadline work=2.00 s committed=0 tanks 101325/0.000 101325/0.000 101325/0.000 101325/0.000 101325/0.000 101325/0.000
 #3 slice [0,+12] HELD: wall deadline work=2.00 s committed=0 tanks 101325/0.000 101325/0.000 101325/0.000 101325/0.000 101325/0.000 101325/0.000
 #4 slice [0,+6] HELD: wall deadline work=2.00 s committed=0 tanks 101325/0.000 101325/0.000 101325/0.000 101325/0.000 101325/0.000 101325/0.000
 #5 slice [0,+3] HELD: wall deadline work=2.00 s committed=0 tanks 101325/0.000 101325/0.000 101325/0.000 101325/0.000 101325/0.000 101325/0.000
 #6 slice [0,+1] FULL accepted=44 rejected=19 work=1.84 s committed=1 tanks 100446/0.000 100677/0.000 101066/0.000 101214/0.000 101264/0.000 101276/0.000
 #7 slice [1,+2] HELD: Substep refinement exhausted: Linearized error estimate does not contract inside the supported domain work=1.71 s committed=1 tanks 100446/0.000 100677/0.000 101066/0.000 101214/0.000 101264/0.000 101276/0.000
 #8 slice [1,+2] HELD: Substep refinement exhausted: Linearized error estimate does not contract inside the supported domain work=1.73 s committed=1 tanks 100446/0.000 100677/0.000 101066/0.000 101214/0.000 101264/0.000 101276/0.000
 #9 slice [1,+2] HELD: Substep refinement exhausted: Linearized error estimate does not contract inside the supported domain work=1.73 s committed=1 tanks 100446/0.000 100677/0.000 101066/0.000 101214/0.000 101264/0.000 101276/0.000
 #10 slice [1,+2] HELD: Substep refinement exhausted: Linearized error estimate does not contract inside the supported domain work=1.73 s committed=1 tanks 100446/0.000 100677/0.000 101066/0.000 101214/0.000 101264/0.000 101276/0.000
 #11 slice [1,+2] HELD: Substep refinement exhausted: Linearized error estimate does not contract inside the supported domain work=1.73 s committed=1 tanks 100446/0.000 100677/0.000 101066/0.000 101214/0.000 101264/0.000 101276/0.000
 #12 slice [1,+2] HELD: Substep refinement exhausted: Linearized error estimate does not contract inside the supported domain work=1.73 s committed=1 tanks 100446/0.000 100677/0.000 101066/0.000 101214/0.000 101264/0.000 101276/0.000
 #13 slice [1,+2] HELD: Substep refinement exhausted: Linearized error estimate does not contract inside the supported domain work=1.73 s committed=1 tanks 100446/0.000 100677/0.000 101066/0.000 101214/0.000 101264/0.000 101276/0.000
 #14 slice [1,+2] HELD: Substep refinement exhausted: Linearized error estimate does not contract inside the supported domain work=1.73 s committed=1 tanks 100446/0.000 100677/0.000 101066/0.000 101214/0.000 101264/0.000 101276/0.000
 #15 slice [1,+2] HELD: Substep refinement exhausted: Linearized error estimate does not contract inside the supported domain work=1.73 s committed=1 tanks 100446/0.000 100677/0.000 101066/0.000 101214/0.000 101264/0.000 101276/0.000
 #16 slice [1,+2] HELD: Substep refinement exhausted: Linearized error estimate does not contract inside the supported domain work=1.73 s committed=1 tanks 100446/0.000 100677/0.000 101066/0.000 101214/0.000 101264/0.000 101276/0.000
 #17 slice [1,+2] HELD: Substep refinement exhausted: Linearized error estimate does not contract inside the supported domain work=1.73 s committed=1 tanks 100446/0.000 100677/0.000 101066/0.000 101214/0.000 101264/0.000 101276/0.000
 #18 slice [1,+2] HELD: Substep refinement exhausted: Linearized error estimate does not contract inside the supported domain work=1.73 s committed=1 tanks 100446/0.000 100677/0.000 101066/0.000 101214/0.000 101264/0.000 101276/0.000
  twelve holds in a row: stop
  total work 34.6 s (at 1000 ns per checkpoint)
=== RUPR nanosPerCall=1000 budget=2000.0 ms
 #0 slice [0,+100] FULL accepted=7 rejected=0 work=0.00 s committed=100 tanks 94470/0.000 108321/0.000
 #1 slice [100,+100] FULL accepted=1 rejected=0 work=0.00 s committed=200 tanks 88077/0.000 115124/0.000
 #2 slice [200,+100] FULL accepted=1 rejected=0 work=0.00 s committed=300 tanks 82118/0.000 121754/0.000
 #3 slice [300,+100] FULL accepted=1 rejected=0 work=0.00 s committed=400 tanks 76561/0.000 128227/0.000
 #4 slice [400,+100] HELD: Substep refinement exhausted: Newton iteration limit at residual 0.09571166727086529; active-set pass=0 work=0.05 s committed=400 tanks 76561/0.000 128227/0.000
 #5 slice [400,+100] HELD: Interval substep limit; no partial interval may commit: advanced=1.8579920767796492 of 5.0 s, accepted=491, rejected=533, reasons={Newton line search stalled at residual #; active-set pass=#=34, Newton iteration limit at residual #; active-set pass=#=499}, last=Newton iteration limit at residual 0.082038612894314; active-set pass=0 work=0.52 s committed=400 tanks 76561/0.000 128227/0.000
 #6 slice [400,+100] HELD: Interval substep limit; no partial interval may commit: advanced=1.8579920767796492 of 5.0 s, accepted=491, rejected=533, reasons={Newton line search stalled at residual #; active-set pass=#=34, Newton iteration limit at residual #; active-set pass=#=499}, last=Newton iteration limit at residual 0.082038612894314; active-set pass=0 work=0.52 s committed=400 tanks 76561/0.000 128227/0.000
 #7 slice [400,+100] HELD: Interval substep limit; no partial interval may commit: advanced=1.8579920767796492 of 5.0 s, accepted=491, rejected=533, reasons={Newton line search stalled at residual #; active-set pass=#=34, Newton iteration limit at residual #; active-set pass=#=499}, last=Newton iteration limit at residual 0.082038612894314; active-set pass=0 work=0.52 s committed=400 tanks 76561/0.000 128227/0.000
 #8 slice [400,+100] HELD: Interval substep limit; no partial interval may commit: advanced=1.8579920767796492 of 5.0 s, accepted=491, rejected=533, reasons={Newton line search stalled at residual #; active-set pass=#=34, Newton iteration limit at residual #; active-set pass=#=499}, last=Newton iteration limit at residual 0.082038612894314; active-set pass=0 work=0.52 s committed=400 tanks 76561/0.000 128227/0.000
 #9 slice [400,+100] HELD: Interval substep limit; no partial interval may commit: advanced=1.8579920767796492 of 5.0 s, accepted=491, rejected=533, reasons={Newton line search stalled at residual #; active-set pass=#=34, Newton iteration limit at residual #; active-set pass=#=499}, last=Newton iteration limit at residual 0.082038612894314; active-set pass=0 work=0.52 s committed=400 tanks 76561/0.000 128227/0.000
 #10 slice [400,+100] HELD: Interval substep limit; no partial interval may commit: advanced=1.8579920767796492 of 5.0 s, accepted=491, rejected=533, reasons={Newton line search stalled at residual #; active-set pass=#=34, Newton iteration limit at residual #; active-set pass=#=499}, last=Newton iteration limit at residual 0.082038612894314; active-set pass=0 work=0.52 s committed=400 tanks 76561/0.000 128227/0.000
 #11 slice [400,+100] HELD: Interval substep limit; no partial interval may commit: advanced=1.8579920767796492 of 5.0 s, accepted=491, rejected=533, reasons={Newton line search stalled at residual #; active-set pass=#=34, Newton iteration limit at residual #; active-set pass=#=499}, last=Newton iteration limit at residual 0.082038612894314; active-set pass=0 work=0.52 s committed=400 tanks 76561/0.000 128227/0.000
 #12 slice [400,+100] HELD: Interval substep limit; no partial interval may commit: advanced=1.8579920767796492 of 5.0 s, accepted=491, rejected=533, reasons={Newton line search stalled at residual #; active-set pass=#=34, Newton iteration limit at residual #; active-set pass=#=499}, last=Newton iteration limit at residual 0.082038612894314; active-set pass=0 work=0.52 s committed=400 tanks 76561/0.000 128227/0.000
 #13 slice [400,+100] HELD: Interval substep limit; no partial interval may commit: advanced=1.8579920767796492 of 5.0 s, accepted=491, rejected=533, reasons={Newton line search stalled at residual #; active-set pass=#=34, Newton iteration limit at residual #; active-set pass=#=499}, last=Newton iteration limit at residual 0.082038612894314; active-set pass=0 work=0.52 s committed=400 tanks 76561/0.000 128227/0.000
 #14 slice [400,+100] HELD: Interval substep limit; no partial interval may commit: advanced=1.8579920767796492 of 5.0 s, accepted=491, rejected=533, reasons={Newton line search stalled at residual #; active-set pass=#=34, Newton iteration limit at residual #; active-set pass=#=499}, last=Newton iteration limit at residual 0.082038612894314; active-set pass=0 work=0.52 s committed=400 tanks 76561/0.000 128227/0.000
 #15 slice [400,+100] HELD: Interval substep limit; no partial interval may commit: advanced=1.8579920767796492 of 5.0 s, accepted=491, rejected=533, reasons={Newton line search stalled at residual #; active-set pass=#=34, Newton iteration limit at residual #; active-set pass=#=499}, last=Newton iteration limit at residual 0.082038612894314; active-set pass=0 work=0.52 s committed=400 tanks 76561/0.000 128227/0.000
  twelve holds in a row: stop
  total work 5.7 s (at 1000 ns per checkpoint)
=== RUPRPR nanosPerCall=1000 budget=2000.0 ms
 #0 slice [0,+100] FULL accepted=23 rejected=6 work=0.02 s committed=100 tanks 94470/0.000 104806/0.000 104804/0.000
 #1 slice [100,+100] FULL accepted=1 rejected=0 work=0.00 s committed=200 tanks 88077/0.000 108155/0.000 108153/0.000
 #2 slice [200,+100] FULL accepted=1 rejected=0 work=0.00 s committed=300 tanks 82118/0.000 111383/0.000 111381/0.000
 #3 slice [300,+100] FULL accepted=1 rejected=0 work=0.00 s committed=400 tanks 76561/0.000 114499/0.000 114497/0.000
 #4 slice [400,+100] HELD: Substep refinement exhausted: Newton iteration limit at residual 0.07517641320853834; active-set pass=0 work=0.06 s committed=400 tanks 76561/0.000 114499/0.000 114497/0.000
 #5 slice [400,+100] HELD: Interval substep limit; no partial interval may commit: advanced=1.858016294102099 of 5.0 s, accepted=492, rejected=532, reasons={Newton line search stalled at residual #; active-set pass=#=31, Newton iteration limit at residual #; active-set pass=#=501}, last=Newton iteration limit at residual 0.08770586105180884; active-set pass=0 work=0.56 s committed=400 tanks 76561/0.000 114499/0.000 114497/0.000
 #6 slice [400,+100] HELD: Interval substep limit; no partial interval may commit: advanced=1.858016294102099 of 5.0 s, accepted=492, rejected=532, reasons={Newton line search stalled at residual #; active-set pass=#=31, Newton iteration limit at residual #; active-set pass=#=501}, last=Newton iteration limit at residual 0.08770586105180884; active-set pass=0 work=0.56 s committed=400 tanks 76561/0.000 114499/0.000 114497/0.000
 #7 slice [400,+100] HELD: Interval substep limit; no partial interval may commit: advanced=1.858016294102099 of 5.0 s, accepted=492, rejected=532, reasons={Newton line search stalled at residual #; active-set pass=#=31, Newton iteration limit at residual #; active-set pass=#=501}, last=Newton iteration limit at residual 0.08770586105180884; active-set pass=0 work=0.56 s committed=400 tanks 76561/0.000 114499/0.000 114497/0.000
 #8 slice [400,+100] HELD: Interval substep limit; no partial interval may commit: advanced=1.858016294102099 of 5.0 s, accepted=492, rejected=532, reasons={Newton line search stalled at residual #; active-set pass=#=31, Newton iteration limit at residual #; active-set pass=#=501}, last=Newton iteration limit at residual 0.08770586105180884; active-set pass=0 work=0.56 s committed=400 tanks 76561/0.000 114499/0.000 114497/0.000
 #9 slice [400,+100] HELD: Interval substep limit; no partial interval may commit: advanced=1.858016294102099 of 5.0 s, accepted=492, rejected=532, reasons={Newton line search stalled at residual #; active-set pass=#=31, Newton iteration limit at residual #; active-set pass=#=501}, last=Newton iteration limit at residual 0.08770586105180884; active-set pass=0 work=0.56 s committed=400 tanks 76561/0.000 114499/0.000 114497/0.000
 #10 slice [400,+100] HELD: Interval substep limit; no partial interval may commit: advanced=1.858016294102099 of 5.0 s, accepted=492, rejected=532, reasons={Newton line search stalled at residual #; active-set pass=#=31, Newton iteration limit at residual #; active-set pass=#=501}, last=Newton iteration limit at residual 0.08770586105180884; active-set pass=0 work=0.56 s committed=400 tanks 76561/0.000 114499/0.000 114497/0.000
 #11 slice [400,+100] HELD: Interval substep limit; no partial interval may commit: advanced=1.858016294102099 of 5.0 s, accepted=492, rejected=532, reasons={Newton line search stalled at residual #; active-set pass=#=31, Newton iteration limit at residual #; active-set pass=#=501}, last=Newton iteration limit at residual 0.08770586105180884; active-set pass=0 work=0.56 s committed=400 tanks 76561/0.000 114499/0.000 114497/0.000
 #12 slice [400,+100] HELD: Interval substep limit; no partial interval may commit: advanced=1.858016294102099 of 5.0 s, accepted=492, rejected=532, reasons={Newton line search stalled at residual #; active-set pass=#=31, Newton iteration limit at residual #; active-set pass=#=501}, last=Newton iteration limit at residual 0.08770586105180884; active-set pass=0 work=0.56 s committed=400 tanks 76561/0.000 114499/0.000 114497/0.000
 #13 slice [400,+100] HELD: Interval substep limit; no partial interval may commit: advanced=1.858016294102099 of 5.0 s, accepted=492, rejected=532, reasons={Newton line search stalled at residual #; active-set pass=#=31, Newton iteration limit at residual #; active-set pass=#=501}, last=Newton iteration limit at residual 0.08770586105180884; active-set pass=0 work=0.56 s committed=400 tanks 76561/0.000 114499/0.000 114497/0.000
 #14 slice [400,+100] HELD: Interval substep limit; no partial interval may commit: advanced=1.858016294102099 of 5.0 s, accepted=492, rejected=532, reasons={Newton line search stalled at residual #; active-set pass=#=31, Newton iteration limit at residual #; active-set pass=#=501}, last=Newton iteration limit at residual 0.08770586105180884; active-set pass=0 work=0.56 s committed=400 tanks 76561/0.000 114499/0.000 114497/0.000
 #15 slice [400,+100] HELD: Interval substep limit; no partial interval may commit: advanced=1.858016294102099 of 5.0 s, accepted=492, rejected=532, reasons={Newton line search stalled at residual #; active-set pass=#=31, Newton iteration limit at residual #; active-set pass=#=501}, last=Newton iteration limit at residual 0.08770586105180884; active-set pass=0 work=0.56 s committed=400 tanks 76561/0.000 114499/0.000 114497/0.000
  twelve holds in a row: stop
  total work 6.2 s (at 1000 ns per checkpoint)
=== RPRUPRPR nanosPerCall=1000 budget=2000.0 ms
 #0 slice [0,+100] FULL accepted=23 rejected=6 work=0.02 s committed=100 tanks 97839/0.000 97836/0.000 104849/0.000 104847/0.000
 #1 slice [100,+100] FULL accepted=1 rejected=0 work=0.00 s committed=200 tanks 94471/0.000 94469/0.000 108322/0.000 108319/0.000
 #2 slice [200,+100] FULL accepted=1 rejected=0 work=0.00 s committed=300 tanks 91219/0.000 91217/0.000 111746/0.000 111744/0.000
 #3 slice [300,+100] FULL accepted=1 rejected=0 work=0.00 s committed=400 tanks 88080/0.000 88077/0.000 115125/0.000 115123/0.000
 #4 slice [400,+100] FULL accepted=1 rejected=0 work=0.00 s committed=500 tanks 85048/0.000 85046/0.000 118460/0.000 118458/0.000
 #5 slice [500,+100] FULL accepted=1 rejected=0 work=0.00 s committed=600 tanks 82121/0.000 82119/0.000 121754/0.000 121752/0.000
 #6 slice [600,+100] FULL accepted=1 rejected=0 work=0.00 s committed=700 tanks 79294/0.000 79292/0.000 125008/0.000 125007/0.000
 #7 slice [700,+100] FULL accepted=1 rejected=0 work=0.00 s committed=800 tanks 76565/0.000 76563/0.000 128226/0.000 128224/0.000
 #8 slice [800,+100] HELD: Interval substep limit; no partial interval may commit: advanced=3.7250333598872487 of 5.0 s, accepted=490, rejected=534, reasons={Newton line search stalled at residual #; active-set pass=#=36, Newton iteration limit at residual #; active-set pass=#=498}, last=Newton iteration limit at residual 0.03356213948881956; active-set pass=0 work=0.81 s committed=800 tanks 76565/0.000 76563/0.000 128226/0.000 128224/0.000
 #9 slice [800,+100] HELD: Substep refinement exhausted: Newton iteration limit at residual 0.09083830403843524; active-set pass=0 work=0.08 s committed=800 tanks 76565/0.000 76563/0.000 128226/0.000 128224/0.000
 #10 slice [800,+100] HELD: Substep refinement exhausted: Newton iteration limit at residual 0.09083830403843524; active-set pass=0 work=0.08 s committed=800 tanks 76565/0.000 76563/0.000 128226/0.000 128224/0.000
 #11 slice [800,+100] HELD: Substep refinement exhausted: Newton iteration limit at residual 0.09083830403843524; active-set pass=0 work=0.08 s committed=800 tanks 76565/0.000 76563/0.000 128226/0.000 128224/0.000
 #12 slice [800,+100] HELD: Substep refinement exhausted: Newton iteration limit at residual 0.09083830403843524; active-set pass=0 work=0.08 s committed=800 tanks 76565/0.000 76563/0.000 128226/0.000 128224/0.000
 #13 slice [800,+100] HELD: Substep refinement exhausted: Newton iteration limit at residual 0.09083830403843524; active-set pass=0 work=0.08 s committed=800 tanks 76565/0.000 76563/0.000 128226/0.000 128224/0.000
 #14 slice [800,+100] HELD: Substep refinement exhausted: Newton iteration limit at residual 0.09083830403843524; active-set pass=0 work=0.08 s committed=800 tanks 76565/0.000 76563/0.000 128226/0.000 128224/0.000
 #15 slice [800,+100] HELD: Substep refinement exhausted: Newton iteration limit at residual 0.09083830403843524; active-set pass=0 work=0.08 s committed=800 tanks 76565/0.000 76563/0.000 128226/0.000 128224/0.000
 #16 slice [800,+100] HELD: Substep refinement exhausted: Newton iteration limit at residual 0.09083830403843524; active-set pass=0 work=0.08 s committed=800 tanks 76565/0.000 76563/0.000 128226/0.000 128224/0.000
 #17 slice [800,+100] HELD: Substep refinement exhausted: Newton iteration limit at residual 0.09083830403843524; active-set pass=0 work=0.08 s committed=800 tanks 76565/0.000 76563/0.000 128226/0.000 128224/0.000
 #18 slice [800,+100] HELD: Substep refinement exhausted: Newton iteration limit at residual 0.09083830403843524; active-set pass=0 work=0.08 s committed=800 tanks 76565/0.000 76563/0.000 128226/0.000 128224/0.000
 #19 slice [800,+100] HELD: Substep refinement exhausted: Newton iteration limit at residual 0.09083830403843524; active-set pass=0 work=0.08 s committed=800 tanks 76565/0.000 76563/0.000 128226/0.000 128224/0.000
  twelve holds in a row: stop
  total work 1.7 s (at 1000 ns per checkpoint)
