=== GUPRPRPRPRPRPR at 1000 ns per checkpoint, 18000 online ticks
 tick 0 committed=0 status=READY
  slice [0,100) HELD: wall deadline work=2.00 s
 tick 99 committed=0 status=HELD: wall deadline
  slice [1,3) HELD: soft budget; approximate fallback refused: Device regime changed work=1.51 s
 tick 700 committed=1 status=HELD: soft budget; approximate fallback refused: Device regime changed
  slice [4,8) HELD: soft budget; approximate fallback refused: Substep refinement exhausted: Linearized error estimate does not contract inside the supported domain work=1.74 s
 tick 802 committed=4 status=HELD: soft budget; approximate fallback refused: Substep refinement exhausted: Linearized error estimate does not contract inside the supported domain
  slice [730,830) FULL work=0.40 s
 tick 914 committed=830 status=FULL
  slice [10430,10530) FULL work=0.01 s
 tick 10529 committed=10530 status=STEADY: replaying 3.467e-13 kg/s since 526.5 s, next check at 86926.5 s
 END online=18000 committed=18000 status=STEADY: replaying 3.467e-13 kg/s since 526.5 s, next check at 86926.5 s certificate=Optional[Certified[STEADY, since 10530, base 10530, horizon 1738530, largest flow 3.4667296887596564E-13]] jobs=121 work=25.7 s
 tanks [P=601325.0 T=298.16 liq=0.9986] [P=601325.0 T=298.17 liq=0.9904] [P=601325.0 T=298.17 liq=0.9633] [P=601325.0 T=298.19 liq=0.8935] [P=601325.0 T=298.26 liq=0.7326] [P=601325.0 T=298.53 liq=0.4056]
 last modes=[PASSIVE, CLOSED, PASSIVE, PASSIVE, PASSIVE, PASSIVE, PASSIVE] flows=[1.0592614694129794E-33, 0.0, -1.43206364694787E-14, -1.446874700431896E-14, -1.795834945296592E-14, 4.673314737310565E-14, 3.4667296887596564E-13]
=== GUPRPRPRPRPRPRPV at 1000 ns per checkpoint, 18000 online ticks
 tick 0 committed=0 status=READY
  slice [0,100) HELD: wall deadline work=2.00 s
 tick 99 committed=0 status=HELD: wall deadline
  slice [1,3) HELD: soft budget; approximate fallback refused: Device regime changed work=1.51 s
 tick 700 committed=1 status=HELD: soft budget; approximate fallback refused: Device regime changed
  slice [4,8) HELD: soft budget; approximate fallback refused: Substep refinement exhausted: Linearized error estimate does not contract inside the supported domain work=1.74 s
 tick 802 committed=4 status=HELD: soft budget; approximate fallback refused: Substep refinement exhausted: Linearized error estimate does not contract inside the supported domain
  slice [730,830) FULL work=0.02 s
 tick 914 committed=830 status=FULL
 END online=18000 committed=17930 status=FULL certificate=Optional.empty jobs=195 work=25.8 s
 tanks [P=131899.9 T=298.15 liq=0.9999] [P=126637.6 T=298.15 liq=0.9989] [P=121380.4 T=298.16 liq=0.9944] [P=116147.0 T=298.16 liq=0.9799] [P=110987.6 T=298.16 liq=0.9460] [P=105999.7 T=298.16 liq=0.8825]
 last modes=[PASSIVE, PUMP_TARGET, PASSIVE, PASSIVE, PASSIVE, PASSIVE, PASSIVE, PASSIVE] flows=[9.9600560504597, 9.9600560504597, 9.959002542717776, 9.949164681169782, 9.9029935126413, 9.758736662188781, 9.422734770925938, 8.804121858458078]
